// Jest Snapshot v1, https://goo.gl/fbAQLP

exports[`Components > SideBar > Layout should render the component generic 1`] = `
<div
  className="sideBarContainer MuiBox-root css-0"
>
  <div
    className="logoLocation MuiBox-root css-0"
  >
    <img
      alt=""
      src="default"
    />
  </div>
  <div
    className="userLocation MuiBox-root css-0"
  >
    <div
      className="userProfilePicture MuiBox-root css-0"
    >
      <img
        alt=""
        src="default"
      />
    </div>
    <div
      className="usernameContainer MuiBox-root css-0"
    >
      <div
        className="userName MuiBox-root css-0"
      >
        Arnaud B
      </div>
      <div
        className="userMail MuiBox-root css-0"
      >
        arnaud.bourgoin@gmail.com
      </div>
    </div>
  </div>
  <div
    className="differentMenus MuiBox-root css-0"
  >
    <div
      className="Menu MuiBox-root css-0"
    >
      <div
        className="menuIcon MuiBox-root css-0"
      >
        <svg
          className="menuIcon"
          fill="none"
          stroke="currentColor"
          strokeWidth={1.5}
          viewBox="0 0 24 24"
          xmlns="http://www.w3.org/2000/svg"
        >
          <path
            d="M2.25 12l8.954-8.955c.44-.439 1.152-.439 1.591 0L21.75 12M4.5 9.75v10.125c0 .621.504 1.125 1.125 1.125H9.75v-4.875c0-.621.504-1.125 1.125-1.125h2.25c.621 0 1.125.504 1.125 1.125V21h4.125c.621 0 1.125-.504 1.125-1.125V9.75M8.25 21h8.25"
            strokeLinecap="round"
            strokeLinejoin="round"
          />
        </svg>
      </div>
      <div
        className="menuLabel MuiBox-root css-0"
      >
        Home
      </div>
    </div>
    <div
      className="Menu MuiBox-root css-0"
    >
      <div
        className="menuIcon MuiBox-root css-0"
      >
        <svg
          className="menuIcon"
          fill="none"
          stroke="currentColor"
          strokeWidth={1.5}
          viewBox="0 0 24 24"
          xmlns="http://www.w3.org/2000/svg"
        >
          <path
            d="M15.75 6a3.75 3.75 0 11-7.5 0 3.75 3.75 0 017.5 0zM4.501 20.118a7.5 7.5 0 0114.998 0A17.933 17.933 0 0112 21.75c-2.676 0-5.216-.584-7.499-1.632z"
            strokeLinecap="round"
            strokeLinejoin="round"
          />
        </svg>
      </div>
      <div
        className="menuLabel MuiBox-root css-0"
      >
        Profil
      </div>
    </div>
    <div
      className="Menu MuiBox-root css-0"
    >
      <div
        className="menuIcon MuiBox-root css-0"
      >
        <svg
          className="menuIcon"
          fill="none"
          stroke="currentColor"
          strokeWidth={1.5}
          viewBox="0 0 24 24"
          xmlns="http://www.w3.org/2000/svg"
        >
          <path
            d="M12 7.5h1.5m-1.5 3h1.5m-7.5 3h7.5m-7.5 3h7.5m3-9h3.375c.621 0 1.125.504 1.125 1.125V18a2.25 2.25 0 01-2.25 2.25M16.5 7.5V18a2.25 2.25 0 002.25 2.25M16.5 7.5V4.875c0-.621-.504-1.125-1.125-1.125H4.125C3.504 3.75 3 4.254 3 4.875V18a2.25 2.25 0 002.25 2.25h13.5M6 7.5h3v3H6v-3z"
            strokeLinecap="round"
            strokeLinejoin="round"
          />
        </svg>
      </div>
      <div
        className="menuLabel MuiBox-root css-0"
      >
        Articles
      </div>
    </div>
    <div
      className="Menu MuiBox-root css-0"
    >
      <div
        className="menuIcon MuiBox-root css-0"
      >
        <svg
          className="menuIcon"
          fill="none"
          stroke="currentColor"
          strokeWidth={1.5}
          viewBox="0 0 24 24"
          xmlns="http://www.w3.org/2000/svg"
        >
          <path
            d="M15.75 9V5.25A2.25 2.25 0 0013.5 3h-6a2.25 2.25 0 00-2.25 2.25v13.5A2.25 2.25 0 007.5 21h6a2.25 2.25 0 002.25-2.25V15M12 9l-3 3m0 0l3 3m-3-3h12.75"
            strokeLinecap="round"
            strokeLinejoin="round"
          />
        </svg>
      </div>
      <div
        className="menuLabel MuiBox-root css-0"
      >
        Logout
      </div>
    </div>
  </div>
</div>
`;
