// Jest Snapshot v1, https://goo.gl/fbAQLP

exports[`Components > SideBar > Logo should render the component generic 1`] = `
<div
  className="logoLocation MuiBox-root css-0"
>
  <img
    alt=""
    src="default"
  />
</div>
`;
