// Jest Snapshot v1, https://goo.gl/fbAQLP

exports[`Components > SideBar > mobile > MobileSideBar should render the component generic 1`] = `
<div
  className="mobileSideBarLayout"
>
  <div
    className="mobileLogo"
  >
    <img
      src="default"
    />
  </div>
  <div
    className="mobileSandwichLogo"
  >
    <svg
      aria-hidden={true}
      className="MuiSvgIcon-root MuiSvgIcon-fontSizeMedium Icons css-i4bv87-MuiSvgIcon-root"
      data-testid="MenuIcon"
      focusable="false"
      viewBox="0 0 24 24"
    >
      <path
        d="M3 18h18v-2H3v2zm0-5h18v-2H3v2zm0-7v2h18V6H3z"
      />
    </svg>
  </div>
  <div
    className="mobileSignOut"
  >
    <svg
      aria-hidden={true}
      className="MuiSvgIcon-root MuiSvgIcon-fontSizeMedium Icons css-i4bv87-MuiSvgIcon-root"
      data-testid="LogoutIcon"
      focusable="false"
      viewBox="0 0 24 24"
    >
      <path
        d="m17 7-1.41 1.41L18.17 11H8v2h10.17l-2.58 2.58L17 17l5-5zM4 5h8V3H4c-1.1 0-2 .9-2 2v14c0 1.1.9 2 2 2h8v-2H4V5z"
      />
    </svg>
  </div>
</div>
`;
