// Jest Snapshot v1, https://goo.gl/fbAQLP

exports[`Components > Crypto > Array should render the component generic 1`] = `
<div
  className="cryptoTableContainer MuiBox-root css-0"
>
  <h1>
    No data
  </h1>
</div>
`;
