// Jest Snapshot v1, https://goo.gl/fbAQLP

exports[`Components > FullArticle > FullArticleThumbnail should render the component generic 1`] = `
<div
  className="articleThumbnail"
>
  <img
    alt=""
    src="default"
  />
</div>
`;
