// Jest Snapshot v1, https://goo.gl/fbAQLP

exports[`Components > CryptoArray > CryptoArrayDisplay should render the component generic 1`] = `
<div
  className="articleThumbnail"
>
  <img
    src="default"
  />
</div>
`;
