// Jest Snapshot v1, https://goo.gl/fbAQLP

exports[`Components > ArticleThumbnails > ArticleTitleSample should render the component generic 1`] = `
<div
  className="articleTitle"
>
  Bitcoin Collapse
</div>
`;
