// Jest Snapshot v1, https://goo.gl/fbAQLP

exports[`Components > CryptoArray > CryptoArrayDisplay should render the component generic 1`] = `
<div
  className="articleDateSample"
>
  November 13, 2023
</div>
`;
