// Jest Snapshot v1, https://goo.gl/fbAQLP

exports[`Components > Profile > Information should render the component generic 1`] = `
<div
  className="centeringDiv MuiBox-root css-0"
>
  <div
    className="profileInfoContainer MuiBox-root css-0"
  >
    <div
      className="labelInfo MuiBox-root css-0"
      id="usernameLabel"
    >
      Username :
    </div>
    <div
      className="userInfo MuiBox-root css-0"
      id="username"
    >
      <p>
        Arnaud Bourgoin
      </p>
      <style
        dangerouslySetInnerHTML={
          {
            "__html": ".css-1u3bzj6-MuiFormControl-root-MuiTextField-root{display:-webkit-inline-box;display:-webkit-inline-flex;display:-ms-inline-flexbox;display:inline-flex;-webkit-flex-direction:column;-ms-flex-direction:column;flex-direction:column;position:relative;min-width:0;padding:0;margin:0;border:0;vertical-align:top;}",
          }
        }
        data-emotion="css 1u3bzj6-MuiFormControl-root-MuiTextField-root"
      />
      <div
        className="MuiFormControl-root MuiTextField-root hidden css-1u3bzj6-MuiFormControl-root-MuiTextField-root"
      >
        <style
          dangerouslySetInnerHTML={
            {
              "__html": ".css-1so17hl-MuiInputLabel-root{display:block;transform-origin:top left;white-space:nowrap;overflow:hidden;text-overflow:ellipsis;max-width:100%;position:absolute;left:0;top:0;-webkit-transform:translate(0, 20px) scale(1);-moz-transform:translate(0, 20px) scale(1);-ms-transform:translate(0, 20px) scale(1);transform:translate(0, 20px) scale(1);-webkit-transition:color 200ms cubic-bezier(0.0, 0, 0.2, 1) 0ms,-webkit-transform 200ms cubic-bezier(0.0, 0, 0.2, 1) 0ms,max-width 200ms cubic-bezier(0.0, 0, 0.2, 1) 0ms;transition:color 200ms cubic-bezier(0.0, 0, 0.2, 1) 0ms,transform 200ms cubic-bezier(0.0, 0, 0.2, 1) 0ms,max-width 200ms cubic-bezier(0.0, 0, 0.2, 1) 0ms;}",
            }
          }
          data-emotion="css 1so17hl-MuiInputLabel-root"
        />
        <style
          dangerouslySetInnerHTML={
            {
              "__html": ".css-aqpgxn-MuiFormLabel-root-MuiInputLabel-root{color:rgba(0, 0, 0, 0.6);font-family:"Roboto","Helvetica","Arial",sans-serif;font-weight:400;font-size:1rem;line-height:1.4375em;letter-spacing:0.00938em;padding:0;position:relative;display:block;transform-origin:top left;white-space:nowrap;overflow:hidden;text-overflow:ellipsis;max-width:100%;position:absolute;left:0;top:0;-webkit-transform:translate(0, 20px) scale(1);-moz-transform:translate(0, 20px) scale(1);-ms-transform:translate(0, 20px) scale(1);transform:translate(0, 20px) scale(1);-webkit-transition:color 200ms cubic-bezier(0.0, 0, 0.2, 1) 0ms,-webkit-transform 200ms cubic-bezier(0.0, 0, 0.2, 1) 0ms,max-width 200ms cubic-bezier(0.0, 0, 0.2, 1) 0ms;transition:color 200ms cubic-bezier(0.0, 0, 0.2, 1) 0ms,transform 200ms cubic-bezier(0.0, 0, 0.2, 1) 0ms,max-width 200ms cubic-bezier(0.0, 0, 0.2, 1) 0ms;}.css-aqpgxn-MuiFormLabel-root-MuiInputLabel-root.Mui-focused{color:#1976d2;}.css-aqpgxn-MuiFormLabel-root-MuiInputLabel-root.Mui-disabled{color:rgba(0, 0, 0, 0.38);}.css-aqpgxn-MuiFormLabel-root-MuiInputLabel-root.Mui-error{color:#d32f2f;}",
            }
          }
          data-emotion="css aqpgxn-MuiFormLabel-root-MuiInputLabel-root"
        />
        <label
          className="MuiFormLabel-root MuiInputLabel-root MuiInputLabel-formControl MuiInputLabel-animated MuiInputLabel-sizeMedium MuiInputLabel-standard MuiFormLabel-colorPrimary MuiInputLabel-root MuiInputLabel-formControl MuiInputLabel-animated MuiInputLabel-sizeMedium MuiInputLabel-standard css-aqpgxn-MuiFormLabel-root-MuiInputLabel-root"
          data-shrink={false}
          htmlFor="standard-basic"
          id="standard-basic-label"
        >
          Username
        </label>
        <style
          dangerouslySetInnerHTML={
            {
              "__html": "@-webkit-keyframes mui-auto-fill{from{display:block;}}@keyframes mui-auto-fill{from{display:block;}}@-webkit-keyframes mui-auto-fill-cancel{from{display:block;}}@keyframes mui-auto-fill-cancel{from{display:block;}}",
            }
          }
          data-emotion="css-global 1prfaxn"
        />
        <style
          dangerouslySetInnerHTML={
            {
              "__html": ".css-v4u5dn-MuiInputBase-root-MuiInput-root{font-family:"Roboto","Helvetica","Arial",sans-serif;font-weight:400;font-size:1rem;line-height:1.4375em;letter-spacing:0.00938em;color:rgba(0, 0, 0, 0.87);box-sizing:border-box;position:relative;cursor:text;display:-webkit-inline-box;display:-webkit-inline-flex;display:-ms-inline-flexbox;display:inline-flex;-webkit-align-items:center;-webkit-box-align:center;-ms-flex-align:center;align-items:center;position:relative;}.css-v4u5dn-MuiInputBase-root-MuiInput-root.Mui-disabled{color:rgba(0, 0, 0, 0.38);cursor:default;}label+.css-v4u5dn-MuiInputBase-root-MuiInput-root{margin-top:16px;}.css-v4u5dn-MuiInputBase-root-MuiInput-root:after{border-bottom:2px solid #1976d2;left:0;bottom:0;content:"";position:absolute;right:0;-webkit-transform:scaleX(0);-moz-transform:scaleX(0);-ms-transform:scaleX(0);transform:scaleX(0);-webkit-transition:-webkit-transform 200ms cubic-bezier(0.0, 0, 0.2, 1) 0ms;transition:transform 200ms cubic-bezier(0.0, 0, 0.2, 1) 0ms;pointer-events:none;}.css-v4u5dn-MuiInputBase-root-MuiInput-root.Mui-focused:after{-webkit-transform:scaleX(1) translateX(0);-moz-transform:scaleX(1) translateX(0);-ms-transform:scaleX(1) translateX(0);transform:scaleX(1) translateX(0);}.css-v4u5dn-MuiInputBase-root-MuiInput-root.Mui-error:before,.css-v4u5dn-MuiInputBase-root-MuiInput-root.Mui-error:after{border-bottom-color:#d32f2f;}.css-v4u5dn-MuiInputBase-root-MuiInput-root:before{border-bottom:1px solid rgba(0, 0, 0, 0.42);left:0;bottom:0;content:"\\00a0";position:absolute;right:0;-webkit-transition:border-bottom-color 200ms cubic-bezier(0.4, 0, 0.2, 1) 0ms;transition:border-bottom-color 200ms cubic-bezier(0.4, 0, 0.2, 1) 0ms;pointer-events:none;}.css-v4u5dn-MuiInputBase-root-MuiInput-root:hover:not(.Mui-disabled, .Mui-error):before{border-bottom:2px solid rgba(0, 0, 0, 0.87);}@media (hover: none){.css-v4u5dn-MuiInputBase-root-MuiInput-root:hover:not(.Mui-disabled, .Mui-error):before{border-bottom:1px solid rgba(0, 0, 0, 0.42);}}.css-v4u5dn-MuiInputBase-root-MuiInput-root.Mui-disabled:before{border-bottom-style:dotted;}",
            }
          }
          data-emotion="css v4u5dn-MuiInputBase-root-MuiInput-root"
        />
        <div
          className="MuiInputBase-root MuiInput-root MuiInput-underline MuiInputBase-colorPrimary MuiInputBase-formControl css-v4u5dn-MuiInputBase-root-MuiInput-root"
          onClick={[Function]}
        >
          <style
            dangerouslySetInnerHTML={
              {
                "__html": ".css-1x51dt5-MuiInputBase-input-MuiInput-input{font:inherit;letter-spacing:inherit;color:currentColor;padding:4px 0 5px;border:0;box-sizing:content-box;background:none;height:1.4375em;margin:0;-webkit-tap-highlight-color:transparent;display:block;min-width:0;width:100%;-webkit-animation-name:mui-auto-fill-cancel;animation-name:mui-auto-fill-cancel;-webkit-animation-duration:10ms;animation-duration:10ms;}.css-1x51dt5-MuiInputBase-input-MuiInput-input::-webkit-input-placeholder{color:currentColor;opacity:0.42;-webkit-transition:opacity 200ms cubic-bezier(0.4, 0, 0.2, 1) 0ms;transition:opacity 200ms cubic-bezier(0.4, 0, 0.2, 1) 0ms;}.css-1x51dt5-MuiInputBase-input-MuiInput-input::-moz-placeholder{color:currentColor;opacity:0.42;-webkit-transition:opacity 200ms cubic-bezier(0.4, 0, 0.2, 1) 0ms;transition:opacity 200ms cubic-bezier(0.4, 0, 0.2, 1) 0ms;}.css-1x51dt5-MuiInputBase-input-MuiInput-input:-ms-input-placeholder{color:currentColor;opacity:0.42;-webkit-transition:opacity 200ms cubic-bezier(0.4, 0, 0.2, 1) 0ms;transition:opacity 200ms cubic-bezier(0.4, 0, 0.2, 1) 0ms;}.css-1x51dt5-MuiInputBase-input-MuiInput-input::-ms-input-placeholder{color:currentColor;opacity:0.42;-webkit-transition:opacity 200ms cubic-bezier(0.4, 0, 0.2, 1) 0ms;transition:opacity 200ms cubic-bezier(0.4, 0, 0.2, 1) 0ms;}.css-1x51dt5-MuiInputBase-input-MuiInput-input:focus{outline:0;}.css-1x51dt5-MuiInputBase-input-MuiInput-input:invalid{box-shadow:none;}.css-1x51dt5-MuiInputBase-input-MuiInput-input::-webkit-search-decoration{-webkit-appearance:none;}label[data-shrink=false]+.MuiInputBase-formControl .css-1x51dt5-MuiInputBase-input-MuiInput-input::-webkit-input-placeholder{opacity:0!important;}label[data-shrink=false]+.MuiInputBase-formControl .css-1x51dt5-MuiInputBase-input-MuiInput-input::-moz-placeholder{opacity:0!important;}label[data-shrink=false]+.MuiInputBase-formControl .css-1x51dt5-MuiInputBase-input-MuiInput-input:-ms-input-placeholder{opacity:0!important;}label[data-shrink=false]+.MuiInputBase-formControl .css-1x51dt5-MuiInputBase-input-MuiInput-input::-ms-input-placeholder{opacity:0!important;}label[data-shrink=false]+.MuiInputBase-formControl .css-1x51dt5-MuiInputBase-input-MuiInput-input:focus::-webkit-input-placeholder{opacity:0.42;}label[data-shrink=false]+.MuiInputBase-formControl .css-1x51dt5-MuiInputBase-input-MuiInput-input:focus::-moz-placeholder{opacity:0.42;}label[data-shrink=false]+.MuiInputBase-formControl .css-1x51dt5-MuiInputBase-input-MuiInput-input:focus:-ms-input-placeholder{opacity:0.42;}label[data-shrink=false]+.MuiInputBase-formControl .css-1x51dt5-MuiInputBase-input-MuiInput-input:focus::-ms-input-placeholder{opacity:0.42;}.css-1x51dt5-MuiInputBase-input-MuiInput-input.Mui-disabled{opacity:1;-webkit-text-fill-color:rgba(0, 0, 0, 0.38);}.css-1x51dt5-MuiInputBase-input-MuiInput-input:-webkit-autofill{-webkit-animation-duration:5000s;animation-duration:5000s;-webkit-animation-name:mui-auto-fill;animation-name:mui-auto-fill;}",
              }
            }
            data-emotion="css 1x51dt5-MuiInputBase-input-MuiInput-input"
          />
          <input
            aria-invalid={false}
            autoFocus={false}
            className="MuiInputBase-input MuiInput-input css-1x51dt5-MuiInputBase-input-MuiInput-input"
            disabled={false}
            id="standard-basic"
            onAnimationStart={[Function]}
            onBlur={[Function]}
            onChange={[Function]}
            onFocus={[Function]}
            required={false}
            type="text"
          />
        </div>
      </div>
    </div>
    <div
      className="labelInfo MuiBox-root css-0"
      id="mailLabel"
    >
      Email Address :
    </div>
    <div
      className="userInfo MuiBox-root css-0"
      id="mail"
    >
      <p>
        Arnaudbrg@gmail.com
      </p>
      <div
        className="MuiFormControl-root MuiTextField-root hidden css-1u3bzj6-MuiFormControl-root-MuiTextField-root"
      >
        <label
          className="MuiFormLabel-root MuiInputLabel-root MuiInputLabel-formControl MuiInputLabel-animated MuiInputLabel-sizeMedium MuiInputLabel-standard MuiFormLabel-colorPrimary MuiInputLabel-root MuiInputLabel-formControl MuiInputLabel-animated MuiInputLabel-sizeMedium MuiInputLabel-standard css-aqpgxn-MuiFormLabel-root-MuiInputLabel-root"
          data-shrink={false}
          htmlFor="standard-basic"
          id="standard-basic-label"
        >
          Mail
        </label>
        <style
          dangerouslySetInnerHTML={
            {
              "__html": "@-webkit-keyframes mui-auto-fill{from{display:block;}}@keyframes mui-auto-fill{from{display:block;}}@-webkit-keyframes mui-auto-fill-cancel{from{display:block;}}@keyframes mui-auto-fill-cancel{from{display:block;}}",
            }
          }
          data-emotion="css-global 1prfaxn"
        />
        <div
          className="MuiInputBase-root MuiInput-root MuiInput-underline MuiInputBase-colorPrimary MuiInputBase-formControl css-v4u5dn-MuiInputBase-root-MuiInput-root"
          onClick={[Function]}
        >
          <input
            aria-invalid={false}
            autoFocus={false}
            className="MuiInputBase-input MuiInput-input css-1x51dt5-MuiInputBase-input-MuiInput-input"
            disabled={false}
            id="standard-basic"
            onAnimationStart={[Function]}
            onBlur={[Function]}
            onChange={[Function]}
            onFocus={[Function]}
            required={false}
            type="text"
          />
        </div>
      </div>
    </div>
    <div
      className="labelInfo MuiBox-root css-0"
      id="birthLabel"
    >
      Birth Date :
    </div>
    <div
      className="userInfo MuiBox-root css-0"
      id="birth"
    >
      <p>
        2000-03-10
      </p>
      <div
        className="MuiFormControl-root MuiTextField-root hidden css-1u3bzj6-MuiFormControl-root-MuiTextField-root"
      >
        <label
          className="MuiFormLabel-root MuiInputLabel-root MuiInputLabel-formControl MuiInputLabel-animated MuiInputLabel-sizeMedium MuiInputLabel-standard MuiFormLabel-colorPrimary MuiInputLabel-root MuiInputLabel-formControl MuiInputLabel-animated MuiInputLabel-sizeMedium MuiInputLabel-standard css-aqpgxn-MuiFormLabel-root-MuiInputLabel-root"
          data-shrink={false}
          htmlFor="standard-basic"
          id="standard-basic-label"
        >
          A CHANGER
        </label>
        <style
          dangerouslySetInnerHTML={
            {
              "__html": "@-webkit-keyframes mui-auto-fill{from{display:block;}}@keyframes mui-auto-fill{from{display:block;}}@-webkit-keyframes mui-auto-fill-cancel{from{display:block;}}@keyframes mui-auto-fill-cancel{from{display:block;}}",
            }
          }
          data-emotion="css-global 1prfaxn"
        />
        <div
          className="MuiInputBase-root MuiInput-root MuiInput-underline MuiInputBase-colorPrimary MuiInputBase-formControl css-v4u5dn-MuiInputBase-root-MuiInput-root"
          onClick={[Function]}
        >
          <input
            aria-invalid={false}
            autoFocus={false}
            className="MuiInputBase-input MuiInput-input css-1x51dt5-MuiInputBase-input-MuiInput-input"
            disabled={false}
            id="standard-basic"
            onAnimationStart={[Function]}
            onBlur={[Function]}
            onChange={[Function]}
            onFocus={[Function]}
            required={false}
            type="text"
          />
        </div>
      </div>
    </div>
    <div
      className="buttonDiv MuiBox-root css-0"
      id="edit"
    >
      <style
        dangerouslySetInnerHTML={
          {
            "__html": ".css-w60cv3-MuiButton-root{font-family:"Roboto","Helvetica","Arial",sans-serif;font-weight:500;font-size:0.875rem;line-height:1.75;letter-spacing:0.02857em;text-transform:uppercase;min-width:64px;padding:6px 8px;border-radius:4px;-webkit-transition:background-color 250ms cubic-bezier(0.4, 0, 0.2, 1) 0ms,box-shadow 250ms cubic-bezier(0.4, 0, 0.2, 1) 0ms,border-color 250ms cubic-bezier(0.4, 0, 0.2, 1) 0ms,color 250ms cubic-bezier(0.4, 0, 0.2, 1) 0ms;transition:background-color 250ms cubic-bezier(0.4, 0, 0.2, 1) 0ms,box-shadow 250ms cubic-bezier(0.4, 0, 0.2, 1) 0ms,border-color 250ms cubic-bezier(0.4, 0, 0.2, 1) 0ms,color 250ms cubic-bezier(0.4, 0, 0.2, 1) 0ms;color:#1976d2;}.css-w60cv3-MuiButton-root:hover{-webkit-text-decoration:none;text-decoration:none;background-color:rgba(25, 118, 210, 0.04);}@media (hover: none){.css-w60cv3-MuiButton-root:hover{background-color:transparent;}}.css-w60cv3-MuiButton-root.Mui-disabled{color:rgba(0, 0, 0, 0.26);}",
          }
        }
        data-emotion="css w60cv3-MuiButton-root"
      />
      <button
        className="MuiButtonBase-root MuiButton-root MuiButton-text MuiButton-textPrimary MuiButton-sizeMedium MuiButton-textSizeMedium MuiButton-root MuiButton-text MuiButton-textPrimary MuiButton-sizeMedium MuiButton-textSizeMedium css-1e6y48t-MuiButtonBase-root-MuiButton-root"
        disabled={false}
        onBlur={[Function]}
        onContextMenu={[Function]}
        onDragLeave={[Function]}
        onFocus={[Function]}
        onKeyDown={[Function]}
        onKeyUp={[Function]}
        onMouseDown={[Function]}
        onMouseLeave={[Function]}
        onMouseUp={[Function]}
        onTouchEnd={[Function]}
        onTouchMove={[Function]}
        onTouchStart={[Function]}
        tabIndex={0}
        type="button"
      >
        Edit my profile
        <style
          dangerouslySetInnerHTML={
            {
              "__html": ".css-8je8zh-MuiTouchRipple-root{overflow:hidden;pointer-events:none;position:absolute;z-index:0;top:0;right:0;bottom:0;left:0;border-radius:inherit;}",
            }
          }
          data-emotion="css 8je8zh-MuiTouchRipple-root"
        />
        <span
          className="MuiTouchRipple-root css-8je8zh-MuiTouchRipple-root"
        />
      </button>
    </div>
    <div
      className="buttonDiv MuiBox-root css-0"
      id="delete"
    >
      <button
        className="MuiButtonBase-root MuiButton-root MuiButton-text MuiButton-textPrimary MuiButton-sizeMedium MuiButton-textSizeMedium MuiButton-root MuiButton-text MuiButton-textPrimary MuiButton-sizeMedium MuiButton-textSizeMedium css-1e6y48t-MuiButtonBase-root-MuiButton-root"
        disabled={false}
        onBlur={[Function]}
        onContextMenu={[Function]}
        onDragLeave={[Function]}
        onFocus={[Function]}
        onKeyDown={[Function]}
        onKeyUp={[Function]}
        onMouseDown={[Function]}
        onMouseLeave={[Function]}
        onMouseUp={[Function]}
        onTouchEnd={[Function]}
        onTouchMove={[Function]}
        onTouchStart={[Function]}
        tabIndex={0}
        type="button"
      >
        Delete my profile
        <span
          className="MuiTouchRipple-root css-8je8zh-MuiTouchRipple-root"
        />
      </button>
    </div>
  </div>
</div>
`;
